== FinBridge PASS 3 gate ==
PASS: repository structure
PASS: frozen scenario
PASS: scope contract
PASS: secret hygiene
PASS: pass isolation
PASS 0 structural/domain validation: PASS
PASS 1 demo evidence exported: apps/demo-web/data/golden-path.json
PASS: executable Python golden path
PASS: frontend evidence derived from Python domain truth
PASS: 1,024 -> 1,019 + 5 quarantine -> 0 unaccounted
PASS: exact €0.00 reconciliation difference
PASS: replay creates 0 new imports
PASS 1 vertical-slice validation: PASS
PASS: DQ-01..DQ-04 execute against untrusted raw records
PASS: DQ-05 exact replay has zero new import effects
PASS: changed payload under an existing batch id fails closed
PASS: FIN-01..FIN-04 are explicit reusable invariant checks
PASS: FIN-05 keeps one persisted dataset across replay
PASS: PASS 1 golden candidate story remains byte-for-byte evidence compatible
PASS 2 finance-domain hardening validation: PASS
PASS: raw/processed/quarantine/audit storage ports are implemented
PASS: storage-backed golden path is evidence-identical to PASS 1/2
PASS: 1,024 raw / 1,019 processed / 5 quarantine / 1 commit persisted
PASS: process restart preserves DQ-05 / FIN-05 exactly-one semantics
PASS: Azure Function is a thin orchestration trigger boundary
PASS: Azurite adapter + real-service smoke script are present
PASS 3 storage + Azure-compatible boundary validation: PASS
test_candidate_safety_contract_is_explicit (test_contracts.FrozenContractTests.test_candidate_safety_contract_is_explicit) ... ok
test_canonical_transaction_contract_is_frozen (test_contracts.FrozenContractTests.test_canonical_transaction_contract_is_frozen) ... ok
test_financial_control_total_is_exact_decimal (test_contracts.FrozenContractTests.test_financial_control_total_is_exact_decimal) ... ok
test_golden_state_order_is_frozen (test_contracts.FrozenContractTests.test_golden_state_order_is_frozen) ... ok
test_rule_sets_are_complete (test_contracts.FrozenContractTests.test_rule_sets_are_complete) ... ok
test_scenario_counts_are_exact_and_accounted (test_contracts.FrozenContractTests.test_scenario_counts_are_exact_and_accounted) ... ok
test_final_state_is_ready_for_analytics (test_pass1_golden_path.Pass1GoldenPathTests.test_final_state_is_ready_for_analytics) ... ok
test_fixture_has_exact_frozen_shape (test_pass1_golden_path.Pass1GoldenPathTests.test_fixture_has_exact_frozen_shape) ... ok
test_golden_path_export_is_deterministic (test_pass1_golden_path.Pass1GoldenPathTests.test_golden_path_export_is_deterministic) ... ok
test_quality_gate_blocks_with_exact_five_anomalies (test_pass1_golden_path.Pass1GoldenPathTests.test_quality_gate_blocks_with_exact_five_anomalies) ... ok
test_quarantine_produces_exact_record_accountability (test_pass1_golden_path.Pass1GoldenPathTests.test_quarantine_produces_exact_record_accountability) ... ok
test_reconciliation_is_exact_decimal_and_zero_difference (test_pass1_golden_path.Pass1GoldenPathTests.test_reconciliation_is_exact_decimal_and_zero_difference) ... ok
test_replay_is_idempotent (test_pass1_golden_path.Pass1GoldenPathTests.test_replay_is_idempotent) ... ok
test_state_machine_is_fail_closed (test_pass1_golden_path.Pass1GoldenPathTests.test_state_machine_is_fail_closed) ... ok
test_dq_01_duplicate_transaction_id_is_blocked (test_pass2_data_quality.Pass2DataQualityTests.test_dq_01_duplicate_transaction_id_is_blocked) ... ok
test_dq_02_invalid_currency_is_blocked (test_pass2_data_quality.Pass2DataQualityTests.test_dq_02_invalid_currency_is_blocked) ... ok
test_dq_03_decimal_string_normalizes_exactly (test_pass2_data_quality.Pass2DataQualityTests.test_dq_03_decimal_string_normalizes_exactly) ... ok
test_dq_03_non_decimal_compatible_amount_is_blocked (test_pass2_data_quality.Pass2DataQualityTests.test_dq_03_non_decimal_compatible_amount_is_blocked) ... ok
test_dq_04_each_required_field_is_fail_closed (test_pass2_data_quality.Pass2DataQualityTests.test_dq_04_each_required_field_is_fail_closed) ... ok
test_dq_05_exact_retry_has_zero_new_import_effects (test_pass2_data_quality.Pass2DataQualityTests.test_dq_05_exact_retry_has_zero_new_import_effects) ... ok
test_dq_05_same_batch_id_with_changed_payload_fails_closed (test_pass2_data_quality.Pass2DataQualityTests.test_dq_05_same_batch_id_with_changed_payload_fails_closed) ... ok
test_dq_05_same_payload_with_changed_outcome_counts_fails_closed (test_pass2_data_quality.Pass2DataQualityTests.test_dq_05_same_payload_with_changed_outcome_counts_fails_closed) ... ok
test_fin_01_accepted_source_record_can_be_counted_only_once (test_pass2_financial_invariants.Pass2FinancialInvariantTests.test_fin_01_accepted_source_record_can_be_counted_only_once) ... ok
test_fin_02_duplicate_transaction_id_never_enters_verified_dataset (test_pass2_financial_invariants.Pass2FinancialInvariantTests.test_fin_02_duplicate_transaction_id_never_enters_verified_dataset) ... ok
test_fin_03_every_input_row_has_exactly_one_outcome (test_pass2_financial_invariants.Pass2FinancialInvariantTests.test_fin_03_every_input_row_has_exactly_one_outcome) ... ok
test_fin_04_reconciliation_is_derived_only_from_accepted_records (test_pass2_financial_invariants.Pass2FinancialInvariantTests.test_fin_04_reconciliation_is_derived_only_from_accepted_records) ... ok
test_fin_05_replay_keeps_exactly_one_persisted_dataset (test_pass2_financial_invariants.Pass2FinancialInvariantTests.test_fin_05_replay_keeps_exactly_one_persisted_dataset) ... ok

----------------------------------------------------------------------
Ran 27 tests in 0.067s

OK
test_azurite_factory_uses_four_required_blob_surfaces (test_azurite_adapter_contract.AzuriteAdapterContractTests.test_azurite_factory_uses_four_required_blob_surfaces) ... ok
test_immutable_raw_evidence_rejects_changed_content (test_storage_contracts.StorageContractTests.test_immutable_raw_evidence_rejects_changed_content) ... ok
test_raw_processed_quarantine_audit_round_trip (test_storage_contracts.StorageContractTests.test_raw_processed_quarantine_audit_round_trip) ... ok

----------------------------------------------------------------------
Ran 3 tests in 0.031s

OK
test_blob_trigger_handler_only_orchestrates_existing_raw_evidence (test_azure_function_boundary.AzureFunctionBoundaryTests.test_blob_trigger_handler_only_orchestrates_existing_raw_evidence) ... ok
test_trigger_rejects_payload_that_does_not_match_persisted_raw_blob (test_azure_function_boundary.AzureFunctionBoundaryTests.test_trigger_rejects_payload_that_does_not_match_persisted_raw_blob) ... ok
test_fresh_orchestrator_replay_keeps_one_persisted_dataset (test_pass3_processing_boundary.Pass3ProcessingBoundaryTests.test_fresh_orchestrator_replay_keeps_one_persisted_dataset) ... ok
test_storage_backed_golden_path_is_evidence_identical (test_pass3_processing_boundary.Pass3ProcessingBoundaryTests.test_storage_backed_golden_path_is_evidence_identical) ... ok

----------------------------------------------------------------------
Ran 4 tests in 0.422s

OK
Legacy Java PASS 0 contract: PASS
Frontend dependencies unavailable; using PASS 1 fallback declaration check.
PASS 1 frontend evidence contract: PASS
PASS 3 GATE: GREEN
